[debug] [2026-05-17T17:23:43.546Z] ----------------------------------------------------------------------
[debug] [2026-05-17T17:23:43.547Z] Command:       /usr/local/bin/firebase /Users/linaiyer/.cache/firebase/tools/lib/node_modules/firebase-tools/lib/bin/firebase projects:list
[debug] [2026-05-17T17:23:43.548Z] CLI Version:   13.11.3
[debug] [2026-05-17T17:23:43.548Z] Platform:      darwin
[debug] [2026-05-17T17:23:43.548Z] Node Version:  v18.5.0
[debug] [2026-05-17T17:23:43.549Z] Time:          Sun May 17 2026 13:23:43 GMT-0400 (Eastern Daylight Time)
[debug] [2026-05-17T17:23:43.550Z] ----------------------------------------------------------------------
[debug] 
[debug] [2026-05-17T17:23:43.555Z] >>> [apiv2][query] GET https://firebase-public.firebaseio.com/cli.json [none]
[debug] [2026-05-17T17:23:43.588Z] > command requires scopes: ["email","openid","https://www.googleapis.com/auth/cloudplatformprojects.readonly","https://www.googleapis.com/auth/firebase","https://www.googleapis.com/auth/cloud-platform"]
[debug] [2026-05-17T17:23:43.594Z] > authorizing via signed-in user (lina@codefornonprofit.org)
[debug] [2026-05-17T17:23:43.601Z] > refreshing access token with scopes: []
[debug] [2026-05-17T17:23:43.602Z] >>> [apiv2][query] POST https://www.googleapis.com/oauth2/v3/token [none]
[debug] [2026-05-17T17:23:43.604Z] >>> [apiv2][body] POST https://www.googleapis.com/oauth2/v3/token [omitted]
[debug] [2026-05-17T17:23:43.742Z] <<< [apiv2][status] POST https://www.googleapis.com/oauth2/v3/token 400
[debug] [2026-05-17T17:23:43.745Z] <<< [apiv2][body] POST https://www.googleapis.com/oauth2/v3/token [omitted]
[debug] [2026-05-17T17:23:43.747Z] >>> [apiv2][query] GET https://firebase.googleapis.com/v1beta1/projects pageSize=1000
[debug] [2026-05-17T17:23:43.987Z] <<< [apiv2][status] GET https://firebase-public.firebaseio.com/cli.json 200
[debug] [2026-05-17T17:23:43.989Z] <<< [apiv2][body] GET https://firebase-public.firebaseio.com/cli.json {"cloudBuildErrorAfter":1594252800000,"cloudBuildWarnAfter":1590019200000,"defaultNode10After":1594252800000,"minVersion":"3.0.5","node8DeploysDisabledAfter":1613390400000,"node8RuntimeDisabledAfter":1615809600000,"node8WarnAfter":1600128000000}
[debug] [2026-05-17T17:23:44.084Z] <<< [apiv2][status] GET https://firebase.googleapis.com/v1beta1/projects 401
[debug] [2026-05-17T17:23:44.087Z] <<< [apiv2][body] GET https://firebase.googleapis.com/v1beta1/projects [omitted]
[debug] [2026-05-17T17:23:44.089Z] HTTP Error: 401, Request had invalid authentication credentials. Expected OAuth 2 access token, login cookie or other valid authentication credential. See https://developers.google.com/identity/sign-in/web/devconsole-project.
[debug] [2026-05-17T17:23:44.156Z] FirebaseError: HTTP Error: 401, Request had invalid authentication credentials. Expected OAuth 2 access token, login cookie or other valid authentication credential. See https://developers.google.com/identity/sign-in/web/devconsole-project.
    at responseToError (/Users/linaiyer/.cache/firebase/tools/lib/node_modules/firebase-tools/lib/responseToError.js:49:12)
    at RetryOperation._fn (/Users/linaiyer/.cache/firebase/tools/lib/node_modules/firebase-tools/lib/apiv2.js:305:77)
    at process.processTicksAndRejections (node:internal/process/task_queues:95:5)
[error] 
[error] Error: Failed to list Firebase projects. See firebase-debug.log for more info.
